Copyright 1986-2022 Xilinx, Inc. All Rights Reserved. Copyright 2022-2026 Advanced Micro Devices, Inc. All Rights Reserved.
---------------------------------------------------------------------------------------------------------------------------------------------
| Tool Version : Vivado v.2025.2.1 (win64) Build 6403652 Thu Mar 19 19:48:24 GMT 2026
| Date         : Sun Apr 19 19:57:01 2026
| Host         : Oliver running 64-bit major release  (build 9200)
| Command      : report_utilization -file hdc_ensemble_top_utilization_synth.rpt -pb hdc_ensemble_top_utilization_synth.pb
| Design       : hdc_ensemble_top
| Device       : xczu19eg-ffve1924-1LV-i
| Speed File   : -1LV
| Design State : Synthesized
---------------------------------------------------------------------------------------------------------------------------------------------

Utilization Design Information

Table of Contents
-----------------
1. CLB Logic
1.1 Summary of Registers by Type
2. BLOCKRAM
3. ARITHMETIC
4. I/O
5. CLOCK
6. ADVANCED
7. CONFIGURATION
8. Primitives
9. Black Boxes
10. Instantiated Netlists

1. CLB Logic
------------

+----------------------------+--------+-------+------------+-----------+-------+
|          Site Type         |  Used  | Fixed | Prohibited | Available | Util% |
+----------------------------+--------+-------+------------+-----------+-------+
| CLB LUTs*                  |  93678 |     0 |          0 |    522720 | 17.92 |
|   LUT as Logic             |  93662 |     0 |          0 |    522720 | 17.92 |
|   LUT as Memory            |     16 |     0 |          0 |    161280 | <0.01 |
|     LUT as Distributed RAM |     16 |     0 |            |           |       |
|     LUT as Shift Register  |      0 |     0 |            |           |       |
| CLB Registers              | 222583 |     0 |          0 |   1045440 | 21.29 |
|   Register as Flip Flop    | 222583 |     0 |          0 |   1045440 | 21.29 |
|   Register as Latch        |      0 |     0 |          0 |   1045440 |  0.00 |
| CARRY8                     |    392 |     0 |          0 |     65340 |  0.60 |
| F7 Muxes                   |  21824 |     0 |          0 |    261360 |  8.35 |
| F8 Muxes                   |  10416 |     0 |          0 |    130680 |  7.97 |
| F9 Muxes                   |      0 |     0 |          0 |     65340 |  0.00 |
| Unique Control Sets        |   2571 |       |          0 |    130680 |  1.97 |
+----------------------------+--------+-------+------------+-----------+-------+
* Warning! The Final LUT count, after physical optimizations and full implementation, is typically lower. Run opt_design after synthesis, if not already completed, for a more realistic count.
Warning! LUT value is adjusted to account for LUT combining.
Warning! For any ECO changes, please run place_design if there are unplaced instances
** Note: Available Control Sets calculated as Slices * 2, Review the Control Sets Report for more information regarding control sets.


1.1 Summary of Registers by Type
--------------------------------

+--------+--------------+-------------+--------------+
|  Total | Clock Enable | Synchronous | Asynchronous |
+--------+--------------+-------------+--------------+
| 0      |            _ |           - |            - |
| 0      |            _ |           - |          Set |
| 0      |            _ |           - |        Reset |
| 0      |            _ |         Set |            - |
| 0      |            _ |       Reset |            - |
| 0      |          Yes |           - |            - |
| 0      |          Yes |           - |          Set |
| 0      |          Yes |           - |        Reset |
| 25     |          Yes |         Set |            - |
| 222558 |          Yes |       Reset |            - |
+--------+--------------+-------------+--------------+


2. BLOCKRAM
-----------

+-------------------+------+-------+------------+-----------+-------+
|     Site Type     | Used | Fixed | Prohibited | Available | Util% |
+-------------------+------+-------+------------+-----------+-------+
| Block RAM Tile    |   48 |     0 |          0 |       984 |  4.88 |
|   RAMB36/FIFO*    |   48 |     0 |          0 |       984 |  4.88 |
|     RAMB36E2 only |   48 |       |            |           |       |
|   RAMB18          |    0 |     0 |          0 |      1968 |  0.00 |
| URAM              |    0 |     0 |          0 |       128 |  0.00 |
+-------------------+------+-------+------------+-----------+-------+
* Note: Each Block RAM Tile only has one FIFO logic available and therefore can accommodate only one FIFO36E2 or one FIFO18E2. However, if a FIFO18E2 occupies a Block RAM Tile, that tile can still accommodate a RAMB18E2


3. ARITHMETIC
-------------

+----------------+------+-------+------------+-----------+-------+
|    Site Type   | Used | Fixed | Prohibited | Available | Util% |
+----------------+------+-------+------------+-----------+-------+
| DSPs           |    3 |     0 |          0 |      1968 |  0.15 |
|   DSP48E2 only |    3 |       |            |           |       |
+----------------+------+-------+------------+-----------+-------+


4. I/O
------

+------------------+------+-------+------------+-----------+-------+
|     Site Type    | Used | Fixed | Prohibited | Available | Util% |
+------------------+------+-------+------------+-----------+-------+
| Bonded IOB       |  158 |     0 |          0 |       668 | 23.65 |
|   HPIOB_M        |    0 |     0 |          0 |       264 |  0.00 |
|   HPIOB_S        |    0 |     0 |          0 |       264 |  0.00 |
|   HDIOB_M        |    0 |     0 |          0 |        48 |  0.00 |
|   HDIOB_S        |    0 |     0 |          0 |        48 |  0.00 |
|   HPIOB_SNGL     |    0 |     0 |          0 |        44 |  0.00 |
| HPIOBDIFFINBUF   |    0 |     0 |          0 |       264 |  0.00 |
| HPIOBDIFFOUTBUF  |    0 |     0 |          0 |       264 |  0.00 |
| HDIOBDIFFINBUF   |    0 |     0 |          0 |        48 |  0.00 |
| BITSLICE_CONTROL |    0 |     0 |          0 |        88 |  0.00 |
| BITSLICE_RX_TX   |    0 |     0 |          0 |      3432 |  0.00 |
| BITSLICE_TX      |    0 |     0 |          0 |        88 |  0.00 |
| RIU_OR           |    0 |     0 |          0 |        44 |  0.00 |
+------------------+------+-------+------------+-----------+-------+


5. CLOCK
--------

+------------+------+-------+------------+-----------+-------+
|  Site Type | Used | Fixed | Prohibited | Available | Util% |
+------------+------+-------+------------+-----------+-------+
| BUFGCE     |    1 |     0 |          0 |       280 |  0.36 |
| BUFGCE_DIV |    0 |     0 |          0 |        44 |  0.00 |
| BUFG_GT    |    0 |     0 |          0 |       456 |  0.00 |
| BUFG_PS    |    0 |     0 |          0 |        72 |  0.00 |
| BUFGCTRL*  |    0 |     0 |          0 |        88 |  0.00 |
| PLL        |    0 |     0 |          0 |        22 |  0.00 |
| MMCM       |    0 |     0 |          0 |        11 |  0.00 |
+------------+------+-------+------------+-----------+-------+
* Note: Each used BUFGCTRL counts as two GLOBAL CLOCK BUFFERs. This table does not include global clocking resources, only buffer cell usage. See the Clock Utilization Report (report_clock_utilization) for detailed accounting of global clocking resource availability.


6. ADVANCED
-----------

+-----------------+------+-------+------------+-----------+-------+
|    Site Type    | Used | Fixed | Prohibited | Available | Util% |
+-----------------+------+-------+------------+-----------+-------+
| CMACE4          |    0 |     0 |          0 |         4 |  0.00 |
| GTHE4_CHANNEL   |    0 |     0 |          0 |        44 |  0.00 |
| GTHE4_COMMON    |    0 |     0 |          0 |        11 |  0.00 |
| ILKNE4          |    0 |     0 |          0 |         4 |  0.00 |
| OBUFDS_GTE4     |    0 |     0 |          0 |        22 |  0.00 |
| OBUFDS_GTE4_ADV |    0 |     0 |          0 |        22 |  0.00 |
| PCIE40E4        |    0 |     0 |          0 |         5 |  0.00 |
| PS8             |    0 |     0 |          0 |         1 |  0.00 |
| SYSMONE4        |    0 |     0 |          0 |         1 |  0.00 |
+-----------------+------+-------+------------+-----------+-------+


7. CONFIGURATION
----------------

+-------------+------+-------+------------+-----------+-------+
|  Site Type  | Used | Fixed | Prohibited | Available | Util% |
+-------------+------+-------+------------+-----------+-------+
| BSCANE2     |    0 |     0 |          0 |         4 |  0.00 |
| DNA_PORTE2  |    0 |     0 |          0 |         1 |  0.00 |
| EFUSE_USR   |    0 |     0 |          0 |         1 |  0.00 |
| FRAME_ECCE4 |    0 |     0 |          0 |         1 |  0.00 |
| ICAPE3      |    0 |     0 |          0 |         2 |  0.00 |
| MASTER_JTAG |    0 |     0 |          0 |         1 |  0.00 |
| STARTUPE3   |    0 |     0 |          0 |         1 |  0.00 |
+-------------+------+-------+------------+-----------+-------+


8. Primitives
-------------

+----------+--------+---------------------+
| Ref Name |  Used  | Functional Category |
+----------+--------+---------------------+
| FDRE     | 222558 |            Register |
| LUT6     |  88169 |                 CLB |
| MUXF7    |  21824 |                 CLB |
| MUXF8    |  10416 |                 CLB |
| LUT2     |   2544 |                 CLB |
| LUT3     |   2281 |                 CLB |
| LUT4     |    451 |                 CLB |
| LUT5     |    411 |                 CLB |
| CARRY8   |    392 |                 CLB |
| INBUF    |    129 |                 I/O |
| IBUFCTRL |    129 |              Others |
| LUT1     |    107 |                 CLB |
| RAMB36E2 |     48 |            BLOCKRAM |
| OBUF     |     29 |                 I/O |
| RAMD32   |     28 |                 CLB |
| FDSE     |     25 |            Register |
| RAMS32   |      4 |                 CLB |
| DSP48E2  |      3 |          Arithmetic |
| BUFGCE   |      1 |               Clock |
+----------+--------+---------------------+


9. Black Boxes
--------------

+----------+------+
| Ref Name | Used |
+----------+------+


10. Instantiated Netlists
-------------------------

+----------+------+
| Ref Name | Used |
+----------+------+


